// Jest Snapshot v1, https://goo.gl/fbAQLP

exports[`CustomButton Snapshot Test CustomButton 1`] = `
<button
  class="MuiButtonBase-root MuiButton-root MuiButton-contained MuiButton-containedPrimary MuiButton-sizeMedium MuiButton-containedSizeMedium MuiButton-root MuiButton-contained MuiButton-containedPrimary MuiButton-sizeMedium MuiButton-containedSizeMedium css-sghohy-MuiButtonBase-root-MuiButton-root"
  style="background: black; height: 53px; width: 30vw; max-width: 500px;"
  tabindex="0"
  type="button"
>
  <span
    class="MuiTouchRipple-root css-8je8zh-MuiTouchRipple-root"
  />
</button>
`;
